[DATA_POINT]
1="HTTP_200"
2="mic_recv"
3="tcp_connect"
4="tcp_connection_count"
5="tcp_shutdown"
[END_TRANSACTION]
26="https://aus4.mozilla.org/update/3/GMP/40.0.3/20150826023504/WINNT_x86-msvc/en-US/release/Windows_NT%2010.0.0.0%20(x64)/default/default/update.xml"
10="http://localhost:1080/cgi-bin/login.pl?intro=true"
11="http://localhost:1080/cgi-bin/nav.pl?page=menu&in=home"
12="http://localhost:1080/WebTours/images/in_home.gif"
13="http://localhost:1080/WebTours/images/signoff.gif"
14="http://localhost:1080/WebTours/images/flights.gif"
15="http://localhost:1080/WebTours/images/itinerary.gif"
16="http://localhost:1080/cgi-bin/welcome.pl?page=search"
17="http://localhost:1080/cgi-bin/nav.pl?page=menu&in=flights"
18="http://localhost:1080/WebTours/images/home.gif"
19="http://localhost:1080/cgi-bin/reservations.pl?page=welcome"
1="http://localhost:1080/webtours/"
2="http://localhost:1080/webtours/header.html"
3="http://localhost:1080/webtours/images/hp_logo.png"
4="http://localhost:1080/webtours/images/webtours.png"
5="http://localhost:1080/cgi-bin/welcome.pl?signOff=true"
6="http://localhost:1080/WebTours/home.html"
20="http://localhost:1080/WebTours/images/in_flights.gif"
7="http://localhost:1080/cgi-bin/nav.pl?in=home"
21="http://localhost:1080/WebTours/chooseFlightValidate.js"
8="http://localhost:1080/WebTours/images/mer_login.gif"
22="http://localhost:1080/WebTours/images/button_next.gif"
9="http://localhost:1080/cgi-bin/login.pl"
23="http://localhost:1080/cgi-bin/reservations.pl"
24="http://localhost:1080/WebTours/purchaseValidate.js"
25="http://localhost:1080/WebTours/images/bookanother.gif"
